// Jest Snapshot v1, https://goo.gl/fbAQLP

exports[`"postTransformPublicPath" option should work with "Function" and "publicPath" option as "Function": errors 1`] = `Array []`;

exports[`"postTransformPublicPath" option should work with "Function" and "publicPath" option as "Function": result 1`] = `"public_path/39f5c21c1aee6ff21844c6e1d8251d97.png"`;

exports[`"postTransformPublicPath" option should work with "Function" and "publicPath" option as "Function": warnings 1`] = `Array []`;

exports[`"postTransformPublicPath" option should work with "Function" where append to input parameter value and "publicPath" option as "Function": errors 1`] = `Array []`;

exports[`"postTransformPublicPath" option should work with "Function" where append to input parameter value and "publicPath" option as "Function": result 1`] = `"public_path/39f5c21c1aee6ff21844c6e1d8251d97.png?test=test"`;

exports[`"postTransformPublicPath" option should work with "Function" where append to input parameter value and "publicPath" option as "Function": warnings 1`] = `Array []`;

exports[`"postTransformPublicPath" option should work with "Function" where append to input parameter value and use "publicPath" option: errors 1`] = `Array []`;

exports[`"postTransformPublicPath" option should work with "Function" where append to input parameter value and use "publicPath" option: result 1`] = `"public_path/39f5c21c1aee6ff21844c6e1d8251d97.png?test=test"`;

exports[`"postTransformPublicPath" option should work with "Function" where append to input parameter value and use "publicPath" option: warnings 1`] = `Array []`;

exports[`"postTransformPublicPath" option should work with "Function" where append to input parameter value: errors 1`] = `Array []`;

exports[`"postTransformPublicPath" option should work with "Function" where append to input parameter value: result 1`] = `"39f5c21c1aee6ff21844c6e1d8251d97.png/test"`;

exports[`"postTransformPublicPath" option should work with "Function" where append to input parameter value: warnings 1`] = `Array []`;

exports[`"postTransformPublicPath" option should work with "Function" where prepend "__webpack_public_path__" and "publicPath" option as "String": errors 1`] = `Array []`;

exports[`"postTransformPublicPath" option should work with "Function" where prepend "__webpack_public_path__" and "publicPath" option as "String": result 1`] = `"http://code.com/public_path/39f5c21c1aee6ff21844c6e1d8251d97.png"`;

exports[`"postTransformPublicPath" option should work with "Function" where prepend "__webpack_public_path__" and "publicPath" option as "String": warnings 1`] = `Array []`;

exports[`"postTransformPublicPath" option should work with "Function" where prepend path and "publicPath" option as "String": errors 1`] = `Array []`;

exports[`"postTransformPublicPath" option should work with "Function" where prepend path and "publicPath" option as "String": result 1`] = `"path_prefix/public_path/39f5c21c1aee6ff21844c6e1d8251d97.png"`;

exports[`"postTransformPublicPath" option should work with "Function" where prepend path and "publicPath" option as "String": warnings 1`] = `Array []`;

exports[`"postTransformPublicPath" option should work with "Function" where return input parameter value without modification and use "publicPath" option: errors 1`] = `Array []`;

exports[`"postTransformPublicPath" option should work with "Function" where return input parameter value without modification and use "publicPath" option: result 1`] = `"public_path/39f5c21c1aee6ff21844c6e1d8251d97.png"`;

exports[`"postTransformPublicPath" option should work with "Function" where return input parameter value without modification and use "publicPath" option: warnings 1`] = `Array []`;

exports[`"postTransformPublicPath" option should work with "Function" where return input parameter value without modification: errors 1`] = `Array []`;

exports[`"postTransformPublicPath" option should work with "Function" where return input parameter value without modification: result 1`] = `"39f5c21c1aee6ff21844c6e1d8251d97.png"`;

exports[`"postTransformPublicPath" option should work with "Function" where return input parameter value without modification: warnings 1`] = `Array []`;

exports[`"postTransformPublicPath" option should work without value: errors 1`] = `Array []`;

exports[`"postTransformPublicPath" option should work without value: result 1`] = `"39f5c21c1aee6ff21844c6e1d8251d97.png"`;

exports[`"postTransformPublicPath" option should work without value: warnings 1`] = `Array []`;
